[INFO] Scanning for projects...
[INFO] 
[INFO] -------------------------< com.example:Fotori >-------------------------
[INFO] Building Fotori 0.0.1-SNAPSHOT
[INFO]   from pom.xml
[INFO] --------------------------------[ jar ]---------------------------------
[INFO] 
[INFO] --- resources:3.2.0:resources (default-resources) @ Fotori ---
[INFO] Using 'UTF-8' encoding to copy filtered resources.
[INFO] Using 'UTF-8' encoding to copy filtered properties files.
[INFO] Copying 3 resources
[INFO] Copying 2 resources
[INFO] 
[INFO] --- compiler:3.10.1:compile (default-compile) @ Fotori ---
[INFO] Changes detected - recompiling the module!
[INFO] Compiling 224 source files to D:\EXE101\Fotori\Fotori\target\classes
[INFO] -------------------------------------------------------------
[ERROR] COMPILATION ERROR : 
[INFO] -------------------------------------------------------------
[ERROR] /D:/EXE101/Fotori/Fotori/src/main/java/com/example/fotori/service/FirebaseService.java:[5,32] cannot find symbol
  symbol:   class RoleName
  location: package com.example.fotori.model
[INFO] 1 error
[INFO] -------------------------------------------------------------
[INFO] ------------------------------------------------------------------------
[INFO] BUILD FAILURE
[INFO] ------------------------------------------------------------------------
[INFO] Total time:  20.490 s
[INFO] Finished at: 2026-03-11T11:43:08+07:00
[INFO] ------------------------------------------------------------------------
[ERROR] Failed to execute goal org.apache.maven.plugins:maven-compiler-plugin:3.10.1:compile (default-compile) on project Fotori: Compilation failure
[ERROR] /D:/EXE101/Fotori/Fotori/src/main/java/com/example/fotori/service/FirebaseService.java:[5,32] cannot find symbol
[ERROR]   symbol:   class RoleName
[ERROR]   location: package com.example.fotori.model
[ERROR] 
[ERROR] -> [Help 1]
[ERROR] 
[ERROR] To see the full stack trace of the errors, re-run Maven with the -e switch.
[ERROR] Re-run Maven using the -X switch to enable full debug logging.
[ERROR] 
[ERROR] For more information about the errors and possible solutions, please read the following articles:
[ERROR] [Help 1] http://cwiki.apache.org/confluence/display/MAVEN/MojoFailureException
